
> esun10pero@0.1.0 dev
> vite build && wrangler dev

vite v8.0.16 building client environment for production...
[2Ktransforming...✓ 145 modules transformed.
rendering chunks...
computing gzip size...
dist/client/assets/index-T4QhXJoZ.css              37.23 kB │ gzip:   7.39 kB
dist/client/assets/cards-DCmggDjj.js                3.70 kB │ gzip:   1.21 kB
dist/client/assets/routes-CfyonmG_.js               4.14 kB │ gzip:   1.58 kB
dist/client/assets/offline-DP6YGhTG.js              7.76 kB │ gzip:   2.18 kB
dist/client/assets/useDynamicFavicon-Cn1RCD_O.js    8.56 kB │ gzip:   2.14 kB
dist/client/assets/session._code-DKPh1mm9.js       26.10 kB │ gzip:   6.54 kB
dist/client/assets/index-DLXytSNg.js              317.32 kB │ gzip: 100.64 kB

✓ built in 648ms
vite v8.0.16 building ssr environment for production...
[2Ktransforming...✓ 126 modules transformed.
rendering chunks...
computing gzip size...
dist/server/assets/start-LEqBsW0U.js                         0.28 kB │ gzip:  0.21 kB
dist/server/assets/empty-plugin-adapters-DFqZu0jd.js         0.31 kB │ gzip:  0.20 kB
dist/server/assets/protocol-ClrSmsfy.js                      0.56 kB │ gzip:  0.40 kB
dist/server/assets/session._code-CVF38UX8.js                 0.60 kB │ gzip:  0.35 kB
dist/server/assets/_tanstack-start-manifest_v-CvpSYISL.js    0.96 kB │ gzip:  0.43 kB
dist/server/assets/router-D8iUgteM.js                        2.97 kB │ gzip:  1.03 kB
dist/server/assets/cards-Boc9CYo0.js                         5.51 kB │ gzip:  1.65 kB
dist/server/assets/routes-Bw4KEyAg.js                        6.15 kB │ gzip:  2.00 kB
dist/server/assets/offline-CEkfIE13.js                      11.29 kB │ gzip:  2.75 kB
dist/server/assets/useDynamicFavicon-CIVBKgVH.js            11.68 kB │ gzip:  2.57 kB
dist/server/assets/session._code-MKY1qnmx.js                38.81 kB │ gzip:  8.62 kB
dist/server/server.js                                      170.55 kB │ gzip: 42.39 kB

✓ built in 616ms

 ⛅️ wrangler 4.98.0
───────────────────

Cloudflare collects anonymous telemetry about your usage of Wrangler. Learn more at https://github.com/cloudflare/workers-sdk/tree/main/packages/wrangler/telemetry.md
[custom build] Running: pnpm run build
[custom build]
[custom build] > esun10pero@0.1.0 build /app
[custom build] > vite build
[custom build]
[custom build]
[custom build] vite v8.0.16 building client environment for production...
[custom build]
[custom build] [2K
[custom build] transforming...
[custom build] ✓ 145 modules transformed.
[custom build]
[custom build] rendering chunks...
[custom build]
[custom build] computing gzip size...
[custom build]
[custom build] dist/client/assets/index-T4QhXJoZ.css              37.23 kB │ gzip:   7.39 kB
[custom build] dist/client/assets/cards-DCmggDjj.js                3.70 kB │ gzip:   1.21 kB
[custom build] dist/client/assets/routes-CfyonmG_.js               4.14 kB │ gzip:   1.58 kB
[custom build] dist/client/assets/offline-DP6YGhTG.js              7.76 kB │ gzip:   2.18 kB
[custom build] dist/client/assets/useDynamicFavicon-Cn1RCD_O.js    8.56 kB │ gzip:   2.14 kB
[custom build] dist/client/assets/session._code-DKPh1mm9.js       26.10 kB │ gzip:   6.54 kB
[custom build] dist/client/assets/index-DLXytSNg.js              317.32 kB │ gzip: 100.64 kB
[custom build]
[custom build]
[custom build] ✓ built in 645ms
[custom build]
[custom build] vite v8.0.16 building ssr environment for production...
[custom build]
[custom build] [2Ktransforming...
[custom build] ✓ 126 modules transformed.
[custom build]
[custom build] rendering chunks...
[custom build]
[custom build] computing gzip size...
[custom build]
[custom build] dist/server/assets/start-LEqBsW0U.js                         0.28 kB │ gzip:  0.21 kB
[custom build] dist/server/assets/empty-plugin-adapters-DFqZu0jd.js         0.31 kB │ gzip:  0.20 kB
[custom build] dist/server/assets/protocol-ClrSmsfy.js                      0.56 kB │ gzip:  0.40 kB
[custom build] dist/server/assets/session._code-CVF38UX8.js                 0.60 kB │ gzip:  0.35 kB
[custom build] dist/server/assets/_tanstack-start-manifest_v-CvpSYISL.js    0.96 kB │ gzip:  0.43 kB
[custom build] dist/server/assets/router-D8iUgteM.js                        2.97 kB │ gzip:  1.03 kB
[custom build] dist/server/assets/cards-Boc9CYo0.js                         5.51 kB │ gzip:  1.65 kB
[custom build] dist/server/assets/routes-Bw4KEyAg.js                        6.15 kB │ gzip:  2.00 kB
[custom build] dist/server/assets/offline-CEkfIE13.js                      11.29 kB │ gzip:  2.75 kB
[custom build] dist/server/assets/useDynamicFavicon-CIVBKgVH.js            11.68 kB │ gzip:  2.57 kB
[custom build] dist/server/assets/session._code-MKY1qnmx.js                38.81 kB │ gzip:  8.62 kB
[custom build] dist/server/server.js                                      170.55 kB │ gzip: 42.39 kB
[custom build]
[custom build]
[custom build] ✓ built in 598ms
[custom build]
Your Worker has access to the following bindings:
Binding                                 Resource            Mode
env.POKER_SESSION (PokerSessionDO)      Durable Object      local
env.ASSETS                              Assets              local

The file src changed, restarting build...
[custom build] Running: pnpm run build
[custom build]
[custom build] > esun10pero@0.1.0 build /app
[custom build] > vite build
[custom build]
[custom build]
[custom build] vite v8.0.16 building client environment for production...
[custom build]
[custom build] [2Ktransforming...
[custom build] ✓ 145 modules transformed.
[custom build]
[custom build] rendering chunks...
[custom build]
[custom build] computing gzip size...
[custom build]
[custom build] dist/client/assets/index-T4QhXJoZ.css              37.23 kB │ gzip:   7.39 kB
[custom build] dist/client/assets/cards-DCmggDjj.js                3.70 kB │ gzip:   1.21 kB
[custom build] dist/client/assets/routes-CfyonmG_.js               4.14 kB │ gzip:   1.58 kB
[custom build] dist/client/assets/offline-DP6YGhTG.js              7.76 kB │ gzip:   2.18 kB
[custom build] dist/client/assets/useDynamicFavicon-Cn1RCD_O.js    8.56 kB │ gzip:   2.14 kB
[custom build] dist/client/assets/session._code-DKPh1mm9.js       26.10 kB │ gzip:   6.54 kB
[custom build] dist/client/assets/index-DLXytSNg.js              317.32 kB │ gzip: 100.64 kB
[custom build]
[custom build]
[custom build] ✓ built in 935ms
[custom build]
[custom build] vite v8.0.16 building ssr environment for production...
[custom build]
[custom build] [2Ktransforming...
[custom build] ✓ 126 modules transformed.
[custom build]
[custom build] rendering chunks...
[custom build]
[custom build] computing gzip size...
[custom build]
[custom build] dist/server/assets/start-LEqBsW0U.js                         0.28 kB │ gzip:  0.21 kB
[custom build] dist/server/assets/empty-plugin-adapters-DFqZu0jd.js         0.31 kB │ gzip:  0.20 kB
[custom build] dist/server/assets/protocol-ClrSmsfy.js                      0.56 kB │ gzip:  0.40 kB
[custom build] dist/server/assets/session._code-CVF38UX8.js                 0.60 kB │ gzip:  0.35 kB
[custom build] dist/server/assets/_tanstack-start-manifest_v-CvpSYISL.js    0.96 kB │ gzip:  0.43 kB
[custom build] dist/server/assets/router-D8iUgteM.js                        2.97 kB │ gzip:  1.03 kB
[custom build] dist/server/assets/cards-Boc9CYo0.js                         5.51 kB │ gzip:  1.65 kB
[custom build] dist/server/assets/routes-Bw4KEyAg.js                        6.15 kB │ gzip:  2.00 kB
[custom build] dist/server/assets/offline-CEkfIE13.js                      11.29 kB │ gzip:  2.75 kB
[custom build] dist/server/assets/useDynamicFavicon-CIVBKgVH.js            11.68 kB │ gzip:  2.57 kB
[custom build] dist/server/assets/session._code-MKY1qnmx.js                38.81 kB │ gzip:  8.62 kB
[custom build] dist/server/server.js                                      170.55 kB │ gzip: 42.39 kB
[custom build]
[custom build]
[custom build] ✓ built in 814ms
[custom build]
⎔ Starting local server...
[wrangler:info] ✨ Parsed 1 valid header rule.
[wrangler:info] Ready on http://localhost:8787
[wrangler:info] GET /offline 200 OK (147ms)
[wrangler:info] GET /assets/index-T4QhXJoZ.css 200 OK (17ms)
[wrangler:info] GET /assets/index-DLXytSNg.js 200 OK (19ms)
[wrangler:info] GET /assets/offline-DP6YGhTG.js 200 OK (44ms)
[wrangler:info] GET /assets/cards-DCmggDjj.js 200 OK (44ms)
[wrangler:info] GET /assets/routes-CfyonmG_.js 200 OK (6ms)
[wrangler:info] GET /assets/useDynamicFavicon-Cn1RCD_O.js 200 OK (7ms)
The file src/components/CardBack.tsx changed, restarting build...
[custom build] Running: pnpm run build
[custom build]
[custom build] > esun10pero@0.1.0 build /app
[custom build] > vite build
[custom build]
[custom build]
[custom build] vite v8.0.16 building client environment for production...
[custom build]
[custom build] [2Ktransforming...
[custom build] ✓ 145 modules transformed.
[custom build]
[custom build] rendering chunks...
[custom build]
[custom build] computing gzip size...
[custom build]
[custom build] dist/client/assets/index-T4QhXJoZ.css              37.23 kB │ gzip:   7.39 kB
[custom build] dist/client/assets/cards-BWxEz4ry.js                3.66 kB │ gzip:   1.20 kB
[custom build] dist/client/assets/routes-CX8T8oCJ.js               4.14 kB │ gzip:   1.58 kB
[custom build] dist/client/assets/offline-Q90Aq_ln.js              7.76 kB │ gzip:   2.18 kB
[custom build] dist/client/assets/useDynamicFavicon-EF2gS34U.js    8.56 kB │ gzip:   2.14 kB
[custom build] dist/client/assets/session._code-mm2joAoy.js       26.10 kB │ gzip:   6.54 kB
[custom build] dist/client/assets/index-OgvK-l6q.js              317.32 kB │ gzip: 100.64 kB
[custom build]
[custom build]
[custom build] ✓ built in 2.23s
[custom build]
[custom build] vite v8.0.16 building ssr environment for production...
[custom build]
[custom build] [2Ktransforming...
[custom build] ✓ 126 modules transformed.
[custom build]
[custom build] rendering chunks...
[custom build]
[custom build] computing gzip size...
[custom build]
[custom build] dist/server/assets/start-LEqBsW0U.js                         0.28 kB │ gzip:  0.21 kB
[custom build] dist/server/assets/empty-plugin-adapters-DFqZu0jd.js         0.31 kB │ gzip:  0.20 kB
[custom build] dist/server/assets/protocol-ClrSmsfy.js                      0.56 kB │ gzip:  0.40 kB
[custom build] dist/server/assets/session._code-Dl9tXq4M.js                 0.60 kB │ gzip:  0.35 kB
[custom build] dist/server/assets/_tanstack-start-manifest_v-DK1XtlJc.js    0.96 kB │ gzip:  0.43 kB
[custom build] dist/server/assets/router-DLP0rKVV.js                        2.97 kB │ gzip:  1.03 kB
[custom build] dist/server/assets/cards-C0VWdilY.js                         5.43 kB │ gzip:  1.63 kB
[custom build] dist/server/assets/routes-Bw4KEyAg.js                        6.15 kB │ gzip:  2.00 kB
[custom build] dist/server/assets/offline-DgyFSB4O.js                      11.29 kB │ gzip:  2.75 kB
[custom build] dist/server/assets/useDynamicFavicon-CIVBKgVH.js            11.68 kB │ gzip:  2.57 kB
[custom build] dist/server/assets/session._code-B8kJwpn2.js                38.81 kB │ gzip:  8.62 kB
[custom build] dist/server/server.js                                      170.55 kB │ gzip: 42.39 kB
[custom build]
[custom build]
[custom build] ✓ built in 1.83s
[custom build]
⎔ Reloading local server...
[wrangler:info] ✨ Parsed 1 valid header rule.
⎔ Local server updated and ready
